// Jest Snapshot v1, https://goo.gl/fbAQLP

exports[`test component DisplayText displayed welcome text 1`] = `
<label
  data-testid="final-msg"
/>
`;

exports[`test component DisplayText jest zgodny z migawka 1`] = `
<label
  data-testid="final-msg"
/>
`;
